..............................................s......................... [ 93%]
.....                                                                    [100%]

---------- coverage: platform linux, python 3.12.3-final-0 -----------
Name                             Stmts   Miss  Cover   Missing
--------------------------------------------------------------
app/__init__.py                      2      0   100%
app/app.py                          43      2    95%   62, 73
app/config.py                       15      0   100%
app/db.py                           14      0   100%
app/models.py                       34      0   100%
app/routes/__init__.py               0      0   100%
app/routes/api/__init__.py           7      0   100%
app/routes/api/auth.py              35      4    89%   34, 37, 65, 69
app/routes/api/entries.py           50      2    96%   89, 115
app/routes/api/health.py             5      1    80%   11
app/routes/api/helpers.py            3      0   100%
app/routes/api/households.py       101     27    73%   64, 77-86, 122-135, 152, 182, 186, 200-204, 208-210
app/routes/api/pets.py              71      2    97%   58, 126
app/routes/ui/__init__.py            9      0   100%
app/routes/ui/auth_ui.py            40      4    90%   18, 29, 45, 55
app/routes/ui/entries_ui.py         53      5    91%   22, 53, 69, 83, 90
app/routes/ui/health_ui.py           5      1    80%   11
app/routes/ui/home_ui.py             7      0   100%
app/routes/ui/households_ui.py      84     12    86%   47, 60-68, 77, 111, 119-121, 138
app/routes/ui/pets_ui.py            57      5    91%   18, 45, 60, 79-80
app/routes/ui/users_ui.py           52      1    98%   85
app/utils/auth.py                   17      0   100%
app/utils/formatters.py             12      0   100%
app/utils/join_code.py               4      0   100%
--------------------------------------------------------------
TOTAL                              720     66    91%

76 passed, 1 skipped, 63 warnings in 38.79s
